112.237.21.102 - - [20/Nov/2014:14:21:00 +0800] "GET /app-merchant-proxy/VerfiyCode.action HTTP/1.1" 200 1882 0.007 "http://www.yeepay.com/app-merchant-proxy/InputCardMessageAction.action" "Mozilla/5.0 (Windows NT 5.1) AppleWebKit/537.36 (KHTML, like Gecko) Chrome/33.0.1750.146 Safari/537.36"  "-" JSESSIONID=466D82CCEB72A6D5BAD4159393FFE66A.node1 
112.237.21.102 - - [20/Nov/2014:14:21:00 +0800] "GET /app-merchant-proxy/images/button_qrzf.jpg HTTP/1.1" 200 3381 0.003 "http://www.yeepay.com/app-merchant-proxy/InputCardMessageAction.action" "Mozilla/5.0 (Windows NT 5.1) AppleWebKit/537.36 (KHTML, like Gecko) Chrome/33.0.1750.146 Safari/537.36"  "-" JSESSIONID=466D82CCEB72A6D5BAD4159393FFE66A.node1 
182.87.194.184 - - [20/Nov/2014:14:21:00 +0800] "POST /getScreen HTTP/1.1" 200 798 0.009 "http://www.yeepay.com/" "Mozilla/5.0 (Linux; Android 4.2.2; 2014011 Build/HM2014011) AppleWebKit/537.36 (KHTML, like Gecko) Version/4.0 Mobile Safari/537.36"  "-" JSESSIONID=8DEA0224AD13F81F96BBDB20687854F0.node1 
158.255.208.143 - - [20/Nov/2014:14:21:00 +0800] "GET /selfservice/jsp/groupaccount/js/jquery/tools/datePickerTools.js HTTP/1.1" 304 244 0.003 "http://www.yeepay.com/selfservice/queryCOMMONTrxOrder_merchant.action" "Mozilla/5.0 (Windows NT 6.1; WOW64) AppleWebKit/537.36 (KHTML, like Gecko) Chrome/38.0.2125.111 Safari/537.36"  "-" JSESSIONID=DCFD568E5BA898154424F3426A6A1CD4.node 
112.237.21.102 - - [20/Nov/2014:14:21:00 +0800] "GET /images/top-banner.jpg HTTP/1.1" 200 7266 0.033 "http://www.yeepay.com/app-merchant-proxy/InputCardMessageAction.action" "Mozilla/5.0 (Windows NT 5.1) AppleWebKit/537.36 (KHTML, like Gecko) Chrome/33.0.1750.146 Safari/537.36"  "-" JSESSIONID=466D82CCEB72A6D5BAD4159393FFE66A.node1 
120.215.15.220 - - [20/Nov/2014:14:21:00 +0800] "GET /app-merchant-proxy/js/utilTool.js HTTP/1.1" 200 3345 0.003 "https://www.yeepay.com/app-merchant-proxy/createOrder.action" "Mozilla/4.0 (compatible; MSIE 8.0; Windows NT 5.1; Trident/4.0)"  "-" JSESSIONID=B43BE85B6C09C4BC62065CCF50EC3BF8.node1 
120.215.15.220 - - [20/Nov/2014:14:21:00 +0800] "GET /app-merchant-proxy/css/style.css HTTP/1.1" 200 21700 0.005 "https://www.yeepay.com/app-merchant-proxy/createOrder.action" "Mozilla/4.0 (compatible; MSIE 8.0; Windows NT 5.1; Trident/4.0)"  "-" JSESSIONID=B43BE85B6C09C4BC62065CCF50EC3BF8.node1 
120.215.15.220 - - [20/Nov/2014:14:21:00 +0800] "GET /app-merchant-proxy/css/pay-css.css HTTP/1.1" 200 15200 0.006 "https://www.yeepay.com/app-merchant-proxy/createOrder.action" "Mozilla/4.0 (compatible; MSIE 8.0; Windows NT 5.1; Trident/4.0)"  "-" JSESSIONID=B43BE85B6C09C4BC62065CCF50EC3BF8.node1 
112.237.21.102 - - [20/Nov/2014:14:21:00 +0800] "GET /html/images/dian_talk.gif HTTP/1.1" 200 887 0.004 "http://www.yeepay.com/app-merchant-proxy/InputCardMessageAction.action" "Mozilla/5.0 (Windows NT 5.1) AppleWebKit/537.36 (KHTML, like Gecko) Chrome/33.0.1750.146 Safari/537.36"  "-" JSESSIONID=466D82CCEB72A6D5BAD4159393FFE66A.node1 
221.200.201.30 - - [20/Nov/2014:14:21:00 +0800] "POST /app-merchant-proxy/node HTTP/1.1" 200 2534 0.604 "http://api.qql.cn/pay/?p0=9799&p1=141120022043848926&p2=1416464443&p3=5&p6=%E6%B2%99%E5%9F%8E%E4%BC%A0%E8%AF%B4+-+%E5%8F%8C%E7%BA%BF227%E5%8C%BA&p7=%E6%B2%99%E5%9F%8E%E4%BC%A0%E8%AF%B4+-+%E5%8F%8C%E7%BA%BF227%E5%8C%BA&p8=UNICOM-NET&p9=73e4e13397f1beee7ad639041e94143d" "Mozilla/4.0 (compatible; MSIE 8.0; Windows NT 5.1; Trident/4.0; .NET CLR 2.0.50727)"  "-" JSESSIONID=- 
158.255.208.143 - - [20/Nov/2014:14:21:00 +0800] "GET /js/clarity.js HTTP/1.1" 304 288 0.005 "http://www.yeepay.com/selfservice/queryTrxOrder_merchant.action?query=false" "Mozilla/5.0 (Windows NT 6.1; WOW64) AppleWebKit/537.36 (KHTML, like Gecko) Chrome/38.0.2125.111 Safari/537.36"  "-" JSESSIONID=51E3211E69A3389464B7EA0918D20968.node 
112.237.21.102 - - [20/Nov/2014:14:21:00 +0800] "GET /app-merchant-proxy/images/center_top.jpg HTTP/1.1" 200 1705 0.007 "http://www.yeepay.com/app-merchant-proxy/InputCardMessageAction.action" "Mozilla/5.0 (Windows NT 5.1) AppleWebKit/537.36 (KHTML, like Gecko) Chrome/33.0.1750.146 Safari/537.36"  "-" JSESSIONID=466D82CCEB72A6D5BAD4159393FFE66A.node1 
120.215.15.220 - - [20/Nov/2014:14:21:00 +0800] "GET /images/header-top.jpg HTTP/1.1" 200 1051 0.006 "https://www.yeepay.com/app-merchant-proxy/createOrder.action" "Mozilla/4.0 (compatible; MSIE 8.0; Windows NT 5.1; Trident/4.0)"  "-" JSESSIONID=B43BE85B6C09C4BC62065CCF50EC3BF8.node1 
120.215.15.220 - - [20/Nov/2014:14:21:00 +0800] "GET /images/top-banner.jpg HTTP/1.1" 200 7266 0.007 "https://www.yeepay.com/app-merchant-proxy/createOrder.action" "Mozilla/4.0 (compatible; MSIE 8.0; Windows NT 5.1; Trident/4.0)"  "-" JSESSIONID=B43BE85B6C09C4BC62065CCF50EC3BF8.node1 
120.215.15.220 - - [20/Nov/2014:14:21:00 +0800] "GET /images/img-flash-logo.gif HTTP/1.1" 200 9947 0.008 "https://www.yeepay.com/app-merchant-proxy/createOrder.action" "Mozilla/4.0 (compatible; MSIE 8.0; Windows NT 5.1; Trident/4.0)"  "-" JSESSIONID=B43BE85B6C09C4BC62065CCF50EC3BF8.node1 
120.215.15.220 - - [20/Nov/2014:14:21:00 +0800] "GET /images/img-logo.gif HTTP/1.1" 200 3649 0.007 "https://www.yeepay.com/app-merchant-proxy/createOrder.action" "Mozilla/4.0 (compatible; MSIE 8.0; Windows NT 5.1; Trident/4.0)"  "-" JSESSIONID=B43BE85B6C09C4BC62065CCF50EC3BF8.node1 
112.237.21.102 - - [20/Nov/2014:14:21:00 +0800] "GET /app-merchant-proxy/images/netan.jpg HTTP/1.1" 200 2617 0.004 "http://www.yeepay.com/app-merchant-proxy/InputCardMessageAction.action" "Mozilla/5.0 (Windows NT 5.1) AppleWebKit/537.36 (KHTML, like Gecko) Chrome/33.0.1750.146 Safari/537.36"  "-" JSESSIONID=466D82CCEB72A6D5BAD4159393FFE66A.node1 
120.215.15.220 - - [20/Nov/2014:14:21:00 +0800] "GET /images/yeepay-logo.jpg HTTP/1.1" 200 24780 0.013 "https://www.yeepay.com/app-merchant-proxy/createOrder.action" "Mozilla/4.0 (compatible; MSIE 8.0; Windows NT 5.1; Trident/4.0)"  "-" JSESSIONID=B43BE85B6C09C4BC62065CCF50EC3BF8.node1 
120.85.184.89 - - [20/Nov/2014:14:21:00 +0800] "GET /favicon.ico HTTP/1.1" 200 1047 0.008 "-" "Mozilla/5.0 (Windows NT 6.1; WOW64) AppleWebKit/537.36 (KHTML, like Gecko) Chrome/37.0.2062.102 Safari/537.36"  "-" JSESSIONID=336699A44D5A47F8C88AEDC5FEBE4C9F.node1 
61.134.100.174 - - [20/Nov/2014:14:21:00 +0800] "GET /app-merchant-proxy/redirectMerchant.action?trxOrderId=1519813792&paymentId=1614863727 HTTP/1.1" 200 2964 0.071 "-" "Mozilla/5.0 (compatible; MSIE 10.0; Windows NT 6.1; Trident/6.0; QQBrowser/7.7.31732.400)"  "-" JSESSIONID=- 
120.215.15.220 - - [20/Nov/2014:14:21:00 +0800] "GET /app-merchant-proxy/images/yp-down-bg.gif HTTP/1.1" 200 471 0.003 "https://www.yeepay.com/app-merchant-proxy/createOrder.action" "Mozilla/4.0 (compatible; MSIE 8.0; Windows NT 5.1; Trident/4.0)"  "-" JSESSIONID=B43BE85B6C09C4BC62065CCF50EC3BF8.node1 
120.215.15.220 - - [20/Nov/2014:14:21:00 +0800] "GET /app-merchant-proxy/images/netan.jpg HTTP/1.1" 200 2617 0.002 "https://www.yeepay.com/app-merchant-proxy/createOrder.action" "Mozilla/4.0 (compatible; MSIE 8.0; Windows NT 5.1; Trident/4.0)"  "-" JSESSIONID=B43BE85B6C09C4BC62065CCF50EC3BF8.node1 
112.237.21.102 - - [20/Nov/2014:14:21:00 +0800] "GET /app-merchant-proxy/images/yp-down-bg.gif HTTP/1.1" 200 471 0.002 "http://www.yeepay.com/app-merchant-proxy/InputCardMessageAction.action" "Mozilla/5.0 (Windows NT 5.1) AppleWebKit/537.36 (KHTML, like Gecko) Chrome/33.0.1750.146 Safari/537.36"  "-" JSESSIONID=466D82CCEB72A6D5BAD4159393FFE66A.node1 
202.151.35.62 - - [20/Nov/2014:14:21:00 +0800] "GET /login/checkShop/2?str=MTAwMDU7MTQxNjQ2NDQ1ODk0OTsyYzIzYmQyNjJlOTRlMDI5MDQ4MTg4NmMxYjA2ZmZiOA%3D%3D HTTP/1.1" 200 1635 0.046 "http://old.yeepay.com/" "Mozilla/5.0 (Windows NT 6.1; WOW64; rv:32.0) Gecko/20100101 Firefox/32.0"  "-" JSESSIONID=520D7F1EA3B584A65ED36A9F04107003.node 
158.255.208.143 - - [20/Nov/2014:14:21:00 +0800] "GET /selfservice/jsp/groupaccount/js/jquery/plugins/queryObject/jquery.query-2.1.7.js HTTP/1.1" 304 244 0.003 "http://www.yeepay.com/selfservice/queryCOMMONTrxOrder_merchant.action" "Mozilla/5.0 (Windows NT 6.1; WOW64) AppleWebKit/537.36 (KHTML, like Gecko) Chrome/38.0.2125.111 Safari/537.36"  "-" JSESSIONID=DCFD568E5BA898154424F3426A6A1CD4.node 
112.237.21.102 - - [20/Nov/2014:14:21:00 +0800] "GET /app-merchant-proxy/images/center_bottom.jpg HTTP/1.1" 200 2422 0.002 "http://www.yeepay.com/app-merchant-proxy/InputCardMessageAction.action" "Mozilla/5.0 (Windows NT 5.1) AppleWebKit/537.36 (KHTML, like Gecko) Chrome/33.0.1750.146 Safari/537.36"  "-" JSESSIONID=466D82CCEB72A6D5BAD4159393FFE66A.node1 
120.215.15.220 - - [20/Nov/2014:14:21:00 +0800] "GET /images/img-loading-1.gif HTTP/1.1" 200 3331 0.006 "https://www.yeepay.com/app-merchant-proxy/createOrder.action" "Mozilla/4.0 (compatible; MSIE 8.0; Windows NT 5.1; Trident/4.0)"  "-" JSESSIONID=B43BE85B6C09C4BC62065CCF50EC3BF8.node1 
120.215.15.220 - - [20/Nov/2014:14:21:00 +0800] "GET /images/img-loading.gif HTTP/1.1" 200 2606 0.004 "https://www.yeepay.com/app-merchant-proxy/createOrder.action" "Mozilla/4.0 (compatible; MSIE 8.0; Windows NT 5.1; Trident/4.0)"  "-" JSESSIONID=B43BE85B6C09C4BC62065CCF50EC3BF8.node1 
36.224.207.67 - - [20/Nov/2014:14:21:00 +0800] "GET /selfservice/jsp/groupaccount/js/app/main.js HTTP/1.1" 304 245 0.002 "http://www.yeepay.com/selfservice/batchTransferImportSlct_inday.action" "Mozilla/5.0 (compatible; MSIE 9.0; Windows NT 6.1; WOW64; Trident/5.0; BOIE9;ZHTW)"  "-" JSESSIONID=684D2ADB1875032E9FF4A11D5BA9D720.node 
120.215.15.220 - - [20/Nov/2014:14:21:00 +0800] "GET /html/images/dian_talk.gif HTTP/1.1" 200 887 0.004 "https://www.yeepay.com/app-merchant-proxy/createOrder.action" "Mozilla/4.0 (compatible; MSIE 8.0; Windows NT 5.1; Trident/4.0)"  "-" JSESSIONID=B43BE85B6C09C4BC62065CCF50EC3BF8.node1 
59.188.93.35 - - [20/Nov/2014:14:21:00 +0800] "GET /app-merchant-proxy/command?p0_Cmd=QueryOrdDetail&p1_MerId=10012096582&p2_Order=YeePay_101547_20141114231917&hmac=c0577a1a07d80ee0d73a8e262e7bb995 HTTP/1.1" 301 637 0.000 "-" "-"  "-" JSESSIONID=- 
36.224.207.67 - - [20/Nov/2014:14:21:00 +0800] "GET /selfservice/jsp/groupaccount/js/app/popWin.js HTTP/1.1" 304 244 0.003 "http://www.yeepay.com/selfservice/batchTransferImportSlct_inday.action" "Mozilla/5.0 (compatible; MSIE 9.0; Windows NT 6.1; WOW64; Trident/5.0; BOIE9;ZHTW)"  "-" JSESSIONID=684D2ADB1875032E9FF4A11D5BA9D720.node 
120.215.15.220 - - [20/Nov/2014:14:21:00 +0800] "GET /app-merchant-proxy/images/biaoshi.gif HTTP/1.1" 200 944 0.004 "https://www.yeepay.com/app-merchant-proxy/createOrder.action" "Mozilla/4.0 (compatible; MSIE 8.0; Windows NT 5.1; Trident/4.0)"  "-" JSESSIONID=B43BE85B6C09C4BC62065CCF50EC3BF8.node1 
120.215.15.220 - - [20/Nov/2014:14:21:00 +0800] "GET /app-merchant-proxy/images/verisign.jpg HTTP/1.1" 200 4571 0.005 "https://www.yeepay.com/app-merchant-proxy/createOrder.action" "Mozilla/4.0 (compatible; MSIE 8.0; Windows NT 5.1; Trident/4.0)"  "-" JSESSIONID=B43BE85B6C09C4BC62065CCF50EC3BF8.node1 
111.85.243.100 - - [20/Nov/2014:14:21:00 +0800] "GET /app-merchant-proxy/node?p0_Cmd=Buy&p1_MerId=10012374962&p2_Order=20141120142107256856&p3_Amt=200&p4_Cur=CNY&p5_Pid=&p6_Pcat=B1&p7_Pdesc=&p8_Url=yee.taotaogui.com%2fyeePay%2fCallBack.aspx&p9_SAF=0&pa_MP=1&pd_FrpId=&pr_NeedResponse=1&hmac=36a1f9401d4a530330311869ad2e6c5d HTTP/1.1" 200 7962 0.036 "http://yee.taotaogui.com/yeepay/SendRequest.aspx?2C1E2BB8975186546CA576523C6963D3" "Mozilla/4.0 (compatible; MSIE 8.0; Windows NT 5.1; Trident/4.0)"  "-" JSESSIONID=- 
112.237.21.102 - - [20/Nov/2014:14:21:00 +0800] "GET /app-merchant-proxy/images/verisign.jpg HTTP/1.1" 200 4571 0.003 "http://www.yeepay.com/app-merchant-proxy/InputCardMessageAction.action" "Mozilla/5.0 (Windows NT 5.1) AppleWebKit/537.36 (KHTML, like Gecko) Chrome/33.0.1750.146 Safari/537.36"  "-" JSESSIONID=466D82CCEB72A6D5BAD4159393FFE66A.node1 
112.237.21.102 - - [20/Nov/2014:14:21:00 +0800] "GET /app-merchant-proxy/images/center_mid.jpg HTTP/1.1" 200 717 0.002 "http://www.yeepay.com/app-merchant-proxy/InputCardMessageAction.action" "Mozilla/5.0 (Windows NT 5.1) AppleWebKit/537.36 (KHTML, like Gecko) Chrome/33.0.1750.146 Safari/537.36"  "-" JSESSIONID=466D82CCEB72A6D5BAD4159393FFE66A.node1 
221.200.201.30 - - [20/Nov/2014:14:21:00 +0800] "POST /app-merchant-proxy/InputChargeCardMessageAction.action HTTP/1.1" 200 11440 0.030 "-" "Mozilla/4.0 (compatible; MSIE 8.0; Windows NT 5.1; Trident/4.0; .NET CLR 2.0.50727)"  "-" JSESSIONID=3F721D94D9606FEC671EBA2E5DFA8C61.node1 
112.237.21.102 - - [20/Nov/2014:14:21:00 +0800] "GET /app-merchant-proxy/images/bg_content_mid.jpg HTTP/1.1" 200 674 0.004 "http://www.yeepay.com/app-merchant-proxy/InputCardMessageAction.action" "Mozilla/5.0 (Windows NT 5.1) AppleWebKit/537.36 (KHTML, like Gecko) Chrome/33.0.1750.146 Safari/537.36"  "-" JSESSIONID=466D82CCEB72A6D5BAD4159393FFE66A.node1 
61.134.100.174 - - [20/Nov/2014:14:21:00 +0800] "GET /app-merchant-proxy/images/paySucImg.png HTTP/1.1" 200 4139 0.003 "http://www.yeepay.com/app-merchant-proxy/redirectMerchant.action?trxOrderId=1519813792&paymentId=1614863727" "Mozilla/5.0 (compatible; MSIE 10.0; Windows NT 6.1; Trident/6.0; QQBrowser/7.7.31732.400)"  "-" JSESSIONID=DCA6807E11E78F0D1874F0C56FD06620.node1 
61.134.100.174 - - [20/Nov/2014:14:21:00 +0800] "GET /app-merchant-proxy/images/psuc_info_bg.png HTTP/1.1" 200 1312 0.002 "http://www.yeepay.com/app-merchant-proxy/redirectMerchant.action?trxOrderId=1519813792&paymentId=1614863727" "Mozilla/5.0 (compatible; MSIE 10.0; Windows NT 6.1; Trident/6.0; QQBrowser/7.7.31732.400)"  "-" JSESSIONID=DCA6807E11E78F0D1874F0C56FD06620.node1 
222.216.204.19 - - [20/Nov/2014:14:21:00 +0800] "GET /u/shortUrlProcesser.action?shortUrlSuffix=Z36vq2 HTTP/1.1" 200 994 0.014 "-" "Mozilla/5.0 (Linux; U; Android 4.1.2; zh-cn; GT-I8552 Build/JZO54K) AppleWebKit/534.30 (KHTML, like Gecko) Version/4.0 Mobile Safari/534.30; 360browser(securitypay,securityinstalled); 360(android,uppayplugin); 360 Aphone Browser (5.1.5)"  "-" JSESSIONID=83543F817A3968C96D74E2A239533DEE.node 
175.21.43.199 - - [20/Nov/2014:14:21:00 +0800] "GET /app-merchant-proxy/ChargeCardResultAction.action?method:query=&paymentId=1614857517&fresh=Thu%20Nov%2020%2014:20:59%20UTC+0800%202014&_= HTTP/1.1" 200 313 0.007 "http://www.yeepay.com/app-merchant-proxy/BuildChargeCardMessage.action" "Mozilla/4.0 (compatible; MSIE 8.0; Windows NT 5.1; Trident/4.0; .NET CLR 2.0.50727; .NET CLR 3.0.4506.2152; .NET CLR 3.5.30729; Shuame)"  "-" JSESSIONID=909A18C20BB377FF31E7D811015835B4.node1 
221.200.201.30 - - [20/Nov/2014:14:21:00 +0800] "GET /app-merchant-proxy/css/newszx/youxika_easyown.css HTTP/1.1" 200 11643 0.007 "http://www.yeepay.com/app-merchant-proxy/InputChargeCardMessageAction.action" "Mozilla/4.0 (compatible; MSIE 8.0; Windows NT 5.1; Trident/4.0; .NET CLR 2.0.50727)"  "-" JSESSIONID=3F721D94D9606FEC671EBA2E5DFA8C61.node1 
112.237.21.102 - - [20/Nov/2014:14:21:00 +0800] "GET /app-merchant-proxy/images/biaoshi.gif HTTP/1.1" 200 944 0.004 "http://www.yeepay.com/app-merchant-proxy/InputCardMessageAction.action" "Mozilla/5.0 (Windows NT 5.1) AppleWebKit/537.36 (KHTML, like Gecko) Chrome/33.0.1750.146 Safari/537.36"  "-" JSESSIONID=466D82CCEB72A6D5BAD4159393FFE66A.node1 
221.200.201.30 - - [20/Nov/2014:14:21:00 +0800] "GET /app-merchant-proxy/js/chargecardall.js HTTP/1.1" 200 14726 0.004 "http://www.yeepay.com/app-merchant-proxy/InputChargeCardMessageAction.action" "Mozilla/4.0 (compatible; MSIE 8.0; Windows NT 5.1; Trident/4.0; .NET CLR 2.0.50727)"  "-" JSESSIONID=3F721D94D9606FEC671EBA2E5DFA8C61.node1 
61.187.145.88 - - [20/Nov/2014:14:21:00 +0800] "GET /mobile-app-server/download/YeepayService_2.2.2.apk HTTP/1.1" 200 200376 142.093 "-" "Dalvik/1.4.0 (Linux; U; Android 2.3.6; R803 Build/GRK39F)"  "-" JSESSIONID=- 
111.85.243.100 - - [20/Nov/2014:14:21:00 +0800] "GET /app-merchant-proxy/jsp/online/css/base.css HTTP/1.1" 200 5586 0.004 "https://www.yeepay.com/app-merchant-proxy/node?p0_Cmd=Buy&p1_MerId=10012374962&p2_Order=20141120142107256856&p3_Amt=200&p4_Cur=CNY&p5_Pid=&p6_Pcat=B1&p7_Pdesc=&p8_Url=yee.taotaogui.com%2fyeePay%2fCallBack.aspx&p9_SAF=0&pa_MP=1&pd_FrpId=&pr_NeedResponse=1&hmac=36a1f9401d4a530330311869ad2e6c5d" "Mozilla/4.0 (compatible; MSIE 8.0; Windows NT 5.1; Trident/4.0)"  "-" JSESSIONID=BCD0E74A6692473C7A796CF549326688.node1 
221.200.201.30 - - [20/Nov/2014:14:21:00 +0800] "GET /app-merchant-proxy/js/prototype.js HTTP/1.1" 200 57455 0.016 "http://www.yeepay.com/app-merchant-proxy/InputChargeCardMessageAction.action" "Mozilla/4.0 (compatible; MSIE 8.0; Windows NT 5.1; Trident/4.0; .NET CLR 2.0.50727)"  "-" JSESSIONID=3F721D94D9606FEC671EBA2E5DFA8C61.node1 
182.87.194.184 - - [20/Nov/2014:14:21:00 +0800] "GET /public/images/common/favicon.ico HTTP/1.1" 200 1702 0.010 "-" "Mozilla/5.0 (Linux; Android 4.2.2; 2014011 Build/HM2014011) AppleWebKit/537.36 (KHTML, like Gecko) Version/4.0 Mobile Safari/537.36"  "-" JSESSIONID=8DEA0224AD13F81F96BBDB20687854F0.node1 
218.32.4.12 - - [20/Nov/2014:14:21:00 +0800] "POST /app-merchant-proxy/command.action HTTP/1.0" 200 690 0.219 "-" "Incutio HttpClient v0.9"  "-" JSESSIONID=- 
158.255.208.143 - - [20/Nov/2014:14:21:00 +0800] "GET /selfservice/jsp/groupaccount/js/jquery/plugins/validate/jquery.validate.pack.js HTTP/1.1" 304 245 0.006 "http://www.yeepay.com/selfservice/queryCOMMONTrxOrder_merchant.action" "Mozilla/5.0 (Windows NT 6.1; WOW64) AppleWebKit/537.36 (KHTML, like Gecko) Chrome/38.0.2125.111 Safari/537.36"  "-" JSESSIONID=DCFD568E5BA898154424F3426A6A1CD4.node 
112.237.21.102 - - [20/Nov/2014:14:21:00 +0800] "GET /app-merchant-proxy/images/bg_content_top.jpg HTTP/1.1" 200 2611 0.005 "http://www.yeepay.com/app-merchant-proxy/InputCardMessageAction.action" "Mozilla/5.0 (Windows NT 5.1) AppleWebKit/537.36 (KHTML, like Gecko) Chrome/33.0.1750.146 Safari/537.36"  "-" JSESSIONID=466D82CCEB72A6D5BAD4159393FFE66A.node1 
175.21.43.199 - - [20/Nov/2014:14:21:00 +0800] "POST /app-merchant-proxy/ChargeCardResultAction.action HTTP/1.1" 200 2539 0.027 "http://www.yeepay.com/app-merchant-proxy/BuildChargeCardMessage.action" "Mozilla/4.0 (compatible; MSIE 8.0; Windows NT 5.1; Trident/4.0; .NET CLR 2.0.50727; .NET CLR 3.0.4506.2152; .NET CLR 3.5.30729; Shuame)"  "-" JSESSIONID=909A18C20BB377FF31E7D811015835B4.node1 
112.237.21.102 - - [20/Nov/2014:14:21:00 +0800] "GET /app-merchant-proxy/images/bg_content_bottom.jpg HTTP/1.1" 200 1559 0.003 "http://www.yeepay.com/app-merchant-proxy/InputCardMessageAction.action" "Mozilla/5.0 (Windows NT 5.1) AppleWebKit/537.36 (KHTML, like Gecko) Chrome/33.0.1750.146 Safari/537.36"  "-" JSESSIONID=466D82CCEB72A6D5BAD4159393FFE66A.node1 
60.14.222.93 - - [20/Nov/2014:14:21:00 +0800] "GET /app-merchant-proxy/images/newszx/eo27_in.png HTTP/1.1" 302 182 0.002 "http://www.yeepay.com/app-merchant-proxy/InputChargeCardMessageAction.action" "Mozilla/4.0 (compatible; MSIE 7.0; Windows NT 5.1; Trident/4.0)"  "-" JSESSIONID=67F7FCB3A28CB5A5FC7EE6C4BCDDC865.node1 
36.48.106.205 - - [20/Nov/2014:14:21:00 +0800] "POST /app-merchant-proxy/createOrder.action HTTP/1.1" 200 3426 0.124 "https://www.yeepay.com/app-merchant-proxy/node?p0_Cmd=Buy&p1_MerId=10012420267&p2_Order=1411201420072942&p3_Amt=50&p4_Cur=CNY&p5_Pid=50%b3%e4%d6%b5%bf%a8&p6_Pcat=&p7_Pdesc=&p8_Url=http%3a%2f%2fwww.56y.com%2fPay%2fBankReceive.aspx&p9_SAF=0&pa_MP=1411201420072942&pd_FrpId=&pr_NeedResponse=1&hmac=185825d202195d9b2e16609b6e1a0db2" "Mozilla/4.0 (compatible; MSIE 8.0; Windows NT 5.1; Trident/4.0)"  "-" JSESSIONID=F52FE5ABFD34DC19EEFDAEFBFCAD7413.node1 
158.255.208.143 - - [20/Nov/2014:14:21:00 +0800] "GET /selfservice/images/yeepayga_logo_newEdition.png HTTP/1.1" 304 245 0.013 "http://www.yeepay.com/selfservice/queryTrxOrder_merchant.action?query=false" "Mozilla/5.0 (Windows NT 6.1; WOW64) AppleWebKit/537.36 (KHTML, like Gecko) Chrome/38.0.2125.111 Safari/537.36"  "-" JSESSIONID=51E3211E69A3389464B7EA0918D20968.node 
60.14.222.93 - - [20/Nov/2014:14:21:00 +0800] "GET /weberror/web-error.html HTTP/1.1" 200 3098 0.012 "http://www.yeepay.com/app-merchant-proxy/InputChargeCardMessageAction.action" "Mozilla/4.0 (compatible; MSIE 7.0; Windows NT 5.1; Trident/4.0)"  "-" JSESSIONID=67F7FCB3A28CB5A5FC7EE6C4BCDDC865.node1 
158.255.208.143 - - [20/Nov/2014:14:21:00 +0800] "GET /selfservice/jsp/groupaccount/include/shortcut_map.jsp HTTP/1.1" 200 4287 0.036 "http://www.yeepay.com/selfservice/queryTrxOrder_merchant.action?query=false" "Mozilla/5.0 (Windows NT 6.1; WOW64) AppleWebKit/537.36 (KHTML, like Gecko) Chrome/38.0.2125.111 Safari/537.36"  "-" JSESSIONID=51E3211E69A3389464B7EA0918D20968.node 
118.122.117.29 - - [20/Nov/2014:14:21:00 +0800] "GET /app-airsupport/ticketNumberCatch.action?customerNumber=10011341395&requestId=201411121074573761&numberstart=999-2348531576&numberend=999-2348531576&airOrderId=RN201411120923126297&b2bUser=ctujc02 HTTP/1.1" 200 225 0.006 "-" "Mozilla/4.0 (compatible; MSIE 6.0; Windows NT 5.1; SV1; .NET CLR 2.0.50727; .NET CLR 3.0.04506.648; .NET CLR 3.5.21022; .NET CLR 3.0.4506.2152; .NET CLR 3.5.30729)"  "-" JSESSIONID=- 
36.48.106.205 - - [20/Nov/2014:14:21:01 +0800] "GET /app-merchant-proxy/css/style.css HTTP/1.1" 200 21700 0.006 "https://www.yeepay.com/app-merchant-proxy/createOrder.action" "Mozilla/4.0 (compatible; MSIE 8.0; Windows NT 5.1; Trident/4.0)"  "-" JSESSIONID=F52FE5ABFD34DC19EEFDAEFBFCAD7413.node1 
36.48.106.205 - - [20/Nov/2014:14:21:01 +0800] "GET /app-merchant-proxy/css/pay-css.css HTTP/1.1" 200 15200 0.005 "https://www.yeepay.com/app-merchant-proxy/createOrder.action" "Mozilla/4.0 (compatible; MSIE 8.0; Windows NT 5.1; Trident/4.0)"  "-" JSESSIONID=F52FE5ABFD34DC19EEFDAEFBFCAD7413.node1 
36.48.106.205 - - [20/Nov/2014:14:21:01 +0800] "GET /app-merchant-proxy/js/utilTool.js HTTP/1.1" 200 3345 0.004 "https://www.yeepay.com/app-merchant-proxy/createOrder.action" "Mozilla/4.0 (compatible; MSIE 8.0; Windows NT 5.1; Trident/4.0)"  "-" JSESSIONID=F52FE5ABFD34DC19EEFDAEFBFCAD7413.node1 
118.112.154.57 - - [20/Nov/2014:14:21:01 +0800] "GET /favicon.ico HTTP/1.1" 200 1903 0.006 "-" "Mozilla/4.0 (compatible; MSIE 7.0; Windows NT 6.1; Trident/5.0; SLCC2; .NET CLR 2.0.50727; .NET CLR 3.5.30729; .NET CLR 3.0.30729; BIDUBrowser 2.x)"  "-" JSESSIONID=- 
36.224.207.67 - - [20/Nov/2014:14:21:01 +0800] "GET /selfservice/jsp/groupaccount/js/app/pageInit.js HTTP/1.1" 304 244 0.003 "http://www.yeepay.com/selfservice/batchTransferImportSlct_inday.action" "Mozilla/5.0 (compatible; MSIE 9.0; Windows NT 6.1; WOW64; Trident/5.0; BOIE9;ZHTW)"  "-" JSESSIONID=684D2ADB1875032E9FF4A11D5BA9D720.node 
118.122.117.29 - - [20/Nov/2014:14:21:01 +0800] "GET /app-airsupport/ticketNumberCatch.action?customerNumber=10011341395&requestId=201411121074573761&numberstart=999-2348531576&numberend=999-2348531576&airOrderId=RN201411120923126297&b2bUser=ctujc02 HTTP/1.1" 200 225 0.006 "-" "Mozilla/4.0 (compatible; MSIE 6.0; Windows NT 5.1; SV1; .NET CLR 2.0.50727; .NET CLR 3.0.04506.648; .NET CLR 3.5.21022; .NET CLR 3.0.4506.2152; .NET CLR 3.5.30729)"  "-" JSESSIONID=- 
60.223.238.12 - - [20/Nov/2014:14:21:01 +0800] "GET /paymobile/js/yeepay-1.0.js HTTP/1.1" 200 4203 3.258 "https://ok.yeepay.com/paymobile/wap/redirect/firstpay;jsessionid=3BBA194C089AF37E332787EB25E881BD-n1?token=dcd1d0bd-1a30-4c16-b888-45b24de4bc7e" "Mozilla/5.0 (Linux; U; Android 4.2.2; zh-cn; GT-N7000 Build/JDQ39E) AppleWebKit/534.30 (KHTML, like Gecko) Version/4.0 Mobile Safari/534.30 CyanogenMod/10.1/n7000"  "-" JSESSIONID=3BBA194C089AF37E332787EB25E881BD-n1 
60.223.238.12 - - [20/Nov/2014:14:21:01 +0800] "GET /paymobile/js/main.js HTTP/1.1" 200 3391 3.259 "https://ok.yeepay.com/paymobile/wap/redirect/firstpay;jsessionid=3BBA194C089AF37E332787EB25E881BD-n1?token=dcd1d0bd-1a30-4c16-b888-45b24de4bc7e" "Mozilla/5.0 (Linux; U; Android 4.2.2; zh-cn; GT-N7000 Build/JDQ39E) AppleWebKit/534.30 (KHTML, like Gecko) Version/4.0 Mobile Safari/534.30 CyanogenMod/10.1/n7000"  "-" JSESSIONID=3BBA194C089AF37E332787EB25E881BD-n1 
61.134.100.174 - - [20/Nov/2014:14:21:01 +0800] "GET /app-merchant-proxy/images/paySucTop.png HTTP/1.1" 200 2169 0.011 "http://www.yeepay.com/app-merchant-proxy/redirectMerchant.action?trxOrderId=1519813792&paymentId=1614863727" "Mozilla/5.0 (compatible; MSIE 10.0; Windows NT 6.1; Trident/6.0; QQBrowser/7.7.31732.400)"  "-" JSESSIONID=DCA6807E11E78F0D1874F0C56FD06620.node1 
112.237.21.102 - - [20/Nov/2014:14:21:01 +0800] "GET /favicon.ico HTTP/1.1" 200 1047 0.009 "-" "Mozilla/5.0 (Windows NT 5.1) AppleWebKit/537.36 (KHTML, like Gecko) Chrome/33.0.1750.146 Safari/537.36"  "-" JSESSIONID=466D82CCEB72A6D5BAD4159393FFE66A.node1 
158.255.208.143 - - [20/Nov/2014:14:21:01 +0800] "GET /selfservice/jsp/groupaccount/js/lib/elementLib.js HTTP/1.1" 304 244 0.006 "http://www.yeepay.com/selfservice/queryCOMMONTrxOrder_merchant.action" "Mozilla/5.0 (Windows NT 6.1; WOW64) AppleWebKit/537.36 (KHTML, like Gecko) Chrome/38.0.2125.111 Safari/537.36"  "-" JSESSIONID=DCFD568E5BA898154424F3426A6A1CD4.node 
111.85.243.100 - - [20/Nov/2014:14:21:01 +0800] "GET /app-merchant-proxy/js/cookies.js HTTP/1.1" 200 1521 0.007 "https://www.yeepay.com/app-merchant-proxy/node?p0_Cmd=Buy&p1_MerId=10012374962&p2_Order=20141120142107256856&p3_Amt=200&p4_Cur=CNY&p5_Pid=&p6_Pcat=B1&p7_Pdesc=&p8_Url=yee.taotaogui.com%2fyeePay%2fCallBack.aspx&p9_SAF=0&pa_MP=1&pd_FrpId=&pr_NeedResponse=1&hmac=36a1f9401d4a530330311869ad2e6c5d" "Mozilla/4.0 (compatible; MSIE 8.0; Windows NT 5.1; Trident/4.0)"  "-" JSESSIONID=BCD0E74A6692473C7A796CF549326688.node1 
60.14.222.93 - - [20/Nov/2014:14:21:01 +0800] "GET /app-merchant-proxy/images/newszx/eo27_.png HTTP/1.1" 302 182 0.006 "http://www.yeepay.com/app-merchant-proxy/InputChargeCardMessageAction.action" "Mozilla/4.0 (compatible; MSIE 7.0; Windows NT 5.1; Trident/4.0)"  "-" JSESSIONID=67F7FCB3A28CB5A5FC7EE6C4BCDDC865.node1 
111.85.243.100 - - [20/Nov/2014:14:21:01 +0800] "GET /app-merchant-proxy/jsp/online/css/gateway.css HTTP/1.1" 200 15235 0.017 "https://www.yeepay.com/app-merchant-proxy/node?p0_Cmd=Buy&p1_MerId=10012374962&p2_Order=20141120142107256856&p3_Amt=200&p4_Cur=CNY&p5_Pid=&p6_Pcat=B1&p7_Pdesc=&p8_Url=yee.taotaogui.com%2fyeePay%2fCallBack.aspx&p9_SAF=0&pa_MP=1&pd_FrpId=&pr_NeedResponse=1&hmac=36a1f9401d4a530330311869ad2e6c5d" "Mozilla/4.0 (compatible; MSIE 8.0; Windows NT 5.1; Trident/4.0)"  "-" JSESSIONID=BCD0E74A6692473C7A796CF549326688.node1 
111.85.243.100 - - [20/Nov/2014:14:21:01 +0800] "GET /app-merchant-proxy/jsp/online/js/yeepay-1.0.js HTTP/1.1" 200 14531 0.014 "https://www.yeepay.com/app-merchant-proxy/node?p0_Cmd=Buy&p1_MerId=10012374962&p2_Order=20141120142107256856&p3_Amt=200&p4_Cur=CNY&p5_Pid=&p6_Pcat=B1&p7_Pdesc=&p8_Url=yee.taotaogui.com%2fyeePay%2fCallBack.aspx&p9_SAF=0&pa_MP=1&pd_FrpId=&pr_NeedResponse=1&hmac=36a1f9401d4a530330311869ad2e6c5d" "Mozilla/4.0 (compatible; MSIE 8.0; Windows NT 5.1; Trident/4.0)"  "-" JSESSIONID=BCD0E74A6692473C7A796CF549326688.node1 
222.216.204.19 - - [20/Nov/2014:14:21:01 +0800] "GET /u/css/wap.css HTTP/1.1" 200 17799 0.027 "http://www.yeepay.com/u/shortUrlProcesser.action?shortUrlSuffix=Z36vq2" "Mozilla/5.0 (Linux; U; Android 4.1.2; zh-cn; GT-I8552 Build/JZO54K) AppleWebKit/534.30 (KHTML, like Gecko) Version/4.0 Mobile Safari/534.30; 360browser(securitypay,securityinstalled); 360(android,uppayplugin); 360 Aphone Browser (5.1.5)"  "-" JSESSIONID=83543F817A3968C96D74E2A239533DEE.node 
118.122.117.29 - - [20/Nov/2014:14:21:01 +0800] "GET /app-airsupport/ticketNumberCatch.action?customerNumber=10011341395&requestId=201411121074573761&numberstart=999-2348531576&numberend=999-2348531576&airOrderId=RN201411120923126297&b2bUser=ctujc02 HTTP/1.1" 200 225 0.007 "-" "Mozilla/4.0 (compatible; MSIE 6.0; Windows NT 5.1; SV1; .NET CLR 2.0.50727; .NET CLR 3.0.04506.648; .NET CLR 3.5.21022; .NET CLR 3.0.4506.2152; .NET CLR 3.5.30729)"  "-" JSESSIONID=- 
58.42.231.121 - - [20/Nov/2014:14:21:01 +0800] "GET /app-airsupport/ticketNumberCatch.action?customerNumber=1160001723&requestId=NT14111200021230&numberstart=479-2365361144&numberend=479-2365361144 HTTP/1.1" 200 225 0.008 "-" "Mozilla/4.0 (compatible; MSIE 6.0; Windows NT 5.1; SV1; .NET CLR 2.0.50727; .NET CLR 3.0.04506.648; .NET CLR 3.5.21022; .NET CLR 3.0.4506.2152; .NET CLR 3.5.30729)"  "-" JSESSIONID=- 
111.85.243.100 - - [20/Nov/2014:14:21:01 +0800] "GET /app-merchant-proxy/jsp/online/js/jquery-1.7.1.min.js HTTP/1.1" 200 97758 0.022 "https://www.yeepay.com/app-merchant-proxy/node?p0_Cmd=Buy&p1_MerId=10012374962&p2_Order=20141120142107256856&p3_Amt=200&p4_Cur=CNY&p5_Pid=&p6_Pcat=B1&p7_Pdesc=&p8_Url=yee.taotaogui.com%2fyeePay%2fCallBack.aspx&p9_SAF=0&pa_MP=1&pd_FrpId=&pr_NeedResponse=1&hmac=36a1f9401d4a530330311869ad2e6c5d" "Mozilla/4.0 (compatible; MSIE 8.0; Windows NT 5.1; Trident/4.0)"  "-" JSESSIONID=BCD0E74A6692473C7A796CF549326688.node1 
111.85.243.100 - - [20/Nov/2014:14:21:01 +0800] "GET /app-merchant-proxy/jsp/online/js/gateway.js HTTP/1.1" 200 2344 0.003 "https://www.yeepay.com/app-merchant-proxy/node?p0_Cmd=Buy&p1_MerId=10012374962&p2_Order=20141120142107256856&p3_Amt=200&p4_Cur=CNY&p5_Pid=&p6_Pcat=B1&p7_Pdesc=&p8_Url=yee.taotaogui.com%2fyeePay%2fCallBack.aspx&p9_SAF=0&pa_MP=1&pd_FrpId=&pr_NeedResponse=1&hmac=36a1f9401d4a530330311869ad2e6c5d" "Mozilla/4.0 (compatible; MSIE 8.0; Windows NT 5.1; Trident/4.0)"  "-" JSESSIONID=BCD0E74A6692473C7A796CF549326688.node1 
116.1.249.153 - - [20/Nov/2014:14:21:01 +0800] "POST /agent/esaiCallBack.action HTTP/1.1" 200 450 0.097 "-" "-"  "-" JSESSIONID=- 
175.21.43.199 - - [20/Nov/2014:14:21:01 +0800] "GET /app-merchant-proxy/favicon.ico HTTP/1.1" 302 182 0.003 "-" "Mozilla/4.0 (compatible; MSIE 8.0; Windows NT 5.1; Trident/4.0; .NET CLR 2.0.50727; .NET CLR 3.0.4506.2152; .NET CLR 3.5.30729; Shuame)"  "-" JSESSIONID=909A18C20BB377FF31E7D811015835B4.node1 
106.4.1.85 - - [20/Nov/2014:14:21:01 +0800] "POST /app-merchant-proxy/node HTTP/1.1" 200 3982 0.265 "http://dcz.sjlaowu.com:8886/PaySend.aspx?pd_FrpId=ICBC-NET-B2C&txtUser1=xiaoquan&txtUser2=xiaoquan&p3_Amt=1000" "Mozilla/4.0 (compatible; MSIE 7.0; Windows NT 6.1; Trident/4.0; SLCC2; .NET CLR 2.0.50727; .NET CLR 3.5.30729; .NET CLR 3.0.30729; Media Center PC 6.0)"  "-" JSESSIONID=- 
60.14.222.93 - - [20/Nov/2014:14:21:01 +0800] "GET /weberror/web-error.html HTTP/1.1" 200 2978 0.007 "http://www.yeepay.com/app-merchant-proxy/InputChargeCardMessageAction.action" "Mozilla/4.0 (compatible; MSIE 7.0; Windows NT 5.1; Trident/4.0)"  "-" JSESSIONID=67F7FCB3A28CB5A5FC7EE6C4BCDDC865.node1 
58.42.231.121 - - [20/Nov/2014:14:21:01 +0800] "GET /app-airsupport/ticketNumberCatch.action?customerNumber=1160001723&requestId=NT14111200021230&numberstart=479-2365361144&numberend=479-2365361144 HTTP/1.1" 200 225 0.009 "-" "Mozilla/4.0 (compatible; MSIE 6.0; Windows NT 5.1; SV1; .NET CLR 2.0.50727; .NET CLR 3.0.04506.648; .NET CLR 3.5.21022; .NET CLR 3.0.4506.2152; .NET CLR 3.5.30729)"  "-" JSESSIONID=- 
175.21.43.199 - - [20/Nov/2014:14:21:01 +0800] "GET /app-merchant-proxy/favicon.ico HTTP/1.1" 302 182 0.006 "-" "Mozilla/4.0 (compatible; MSIE 8.0; Windows NT 5.1; Trident/4.0; .NET CLR 2.0.50727; .NET CLR 3.0.4506.2152; .NET CLR 3.5.30729; Shuame)"  "-" JSESSIONID=909A18C20BB377FF31E7D811015835B4.node1 
221.200.201.30 - - [20/Nov/2014:14:21:01 +0800] "GET /app-merchant-proxy/images/newszx/logo_yeepay.gif HTTP/1.1" 200 5290 0.004 "http://www.yeepay.com/app-merchant-proxy/InputChargeCardMessageAction.action" "Mozilla/4.0 (compatible; MSIE 8.0; Windows NT 5.1; Trident/4.0; .NET CLR 2.0.50727)"  "-" JSESSIONID=3F721D94D9606FEC671EBA2E5DFA8C61.node1 
221.200.201.30 - - [20/Nov/2014:14:21:01 +0800] "GET /app-merchant-proxy/images/newszx/1001066liantong2.gif HTTP/1.1" 200 3226 0.003 "http://www.yeepay.com/app-merchant-proxy/InputChargeCardMessageAction.action" "Mozilla/4.0 (compatible; MSIE 8.0; Windows NT 5.1; Trident/4.0; .NET CLR 2.0.50727)"  "-" JSESSIONID=3F721D94D9606FEC671EBA2E5DFA8C61.node1 
221.200.201.30 - - [20/Nov/2014:14:21:01 +0800] "GET /app-merchant-proxy/images/newszx/eo04.png HTTP/1.1" 200 705 0.003 "http://www.yeepay.com/app-merchant-proxy/InputChargeCardMessageAction.action" "Mozilla/4.0 (compatible; MSIE 8.0; Windows NT 5.1; Trident/4.0; .NET CLR 2.0.50727)"  "-" JSESSIONID=3F721D94D9606FEC671EBA2E5DFA8C61.node1 
221.200.201.30 - - [20/Nov/2014:14:21:01 +0800] "GET /app-merchant-proxy/images/newszx/eo01.png HTTP/1.1" 200 496 0.003 "http://www.yeepay.com/app-merchant-proxy/InputChargeCardMessageAction.action" "Mozilla/4.0 (compatible; MSIE 8.0; Windows NT 5.1; Trident/4.0; .NET CLR 2.0.50727)"  "-" JSESSIONID=3F721D94D9606FEC671EBA2E5DFA8C61.node1 
36.224.207.67 - - [20/Nov/2014:14:21:01 +0800] "GET /selfservice/jsp/groupaccount/js/jquery/plugins/datePicker/date_cn.js HTTP/1.1" 304 245 0.002 "http://www.yeepay.com/selfservice/batchTransferImportSlct_inday.action" "Mozilla/5.0 (compatible; MSIE 9.0; Windows NT 6.1; WOW64; Trident/5.0; BOIE9;ZHTW)"  "-" JSESSIONID=684D2ADB1875032E9FF4A11D5BA9D720.node 
36.48.106.205 - - [20/Nov/2014:14:21:01 +0800] "GET /images/header-top.jpg HTTP/1.1" 200 1051 0.005 "https://www.yeepay.com/app-merchant-proxy/createOrder.action" "Mozilla/4.0 (compatible; MSIE 8.0; Windows NT 5.1; Trident/4.0)"  "-" JSESSIONID=F52FE5ABFD34DC19EEFDAEFBFCAD7413.node1 
36.48.106.205 - - [20/Nov/2014:14:21:01 +0800] "GET /images/top-banner.jpg HTTP/1.1" 200 7266 0.011 "https://www.yeepay.com/app-merchant-proxy/createOrder.action" "Mozilla/4.0 (compatible; MSIE 8.0; Windows NT 5.1; Trident/4.0)"  "-" JSESSIONID=F52FE5ABFD34DC19EEFDAEFBFCAD7413.node1 
36.48.106.205 - - [20/Nov/2014:14:21:01 +0800] "GET /images/yeepay-logo.jpg HTTP/1.1" 200 24780 0.013 "https://www.yeepay.com/app-merchant-proxy/createOrder.action" "Mozilla/4.0 (compatible; MSIE 8.0; Windows NT 5.1; Trident/4.0)"  "-" JSESSIONID=F52FE5ABFD34DC19EEFDAEFBFCAD7413.node1 
36.48.106.205 - - [20/Nov/2014:14:21:01 +0800] "GET /images/img-logo.gif HTTP/1.1" 200 3649 0.010 "https://www.yeepay.com/app-merchant-proxy/createOrder.action" "Mozilla/4.0 (compatible; MSIE 8.0; Windows NT 5.1; Trident/4.0)"  "-" JSESSIONID=F52FE5ABFD34DC19EEFDAEFBFCAD7413.node1 
36.48.106.205 - - [20/Nov/2014:14:21:01 +0800] "GET /images/img-flash-logo.gif HTTP/1.1" 200 9947 0.015 "https://www.yeepay.com/app-merchant-proxy/createOrder.action" "Mozilla/4.0 (compatible; MSIE 8.0; Windows NT 5.1; Trident/4.0)"  "-" JSESSIONID=F52FE5ABFD34DC19EEFDAEFBFCAD7413.node1 
60.14.222.93 - - [20/Nov/2014:14:21:01 +0800] "GET /app-merchant-proxy/images/newszx/eo27_in.png HTTP/1.1" 302 182 0.003 "http://www.yeepay.com/app-merchant-proxy/InputChargeCardMessageAction.action" "Mozilla/4.0 (compatible; MSIE 7.0; Windows NT 5.1; Trident/4.0)"  "-" JSESSIONID=67F7FCB3A28CB5A5FC7EE6C4BCDDC865.node1 
221.200.201.30 - - [20/Nov/2014:14:21:01 +0800] "GET /app-merchant-proxy/images/newszx/eo20.png HTTP/1.1" 200 443 0.002 "http://www.yeepay.com/app-merchant-proxy/InputChargeCardMessageAction.action" "Mozilla/4.0 (compatible; MSIE 8.0; Windows NT 5.1; Trident/4.0; .NET CLR 2.0.50727)"  "-" JSESSIONID=3F721D94D9606FEC671EBA2E5DFA8C61.node1 
171.93.96.185 - - [20/Nov/2014:14:21:01 +0800] "GET /mobile-app-server/download/YeepayService_2.1.2.apk HTTP/1.1" 200 187047 11.547 "-" "Dalvik/1.4.0 (Linux; U; Android 2.3.6; R807 Build/GRK39F)"  "-" JSESSIONID=- 
158.255.208.143 - - [20/Nov/2014:14:21:01 +0800] "GET /selfservice/favicon.ico HTTP/1.1" 302 182 0.007 "-" "Mozilla/5.0 (Windows NT 6.1; WOW64) AppleWebKit/537.36 (KHTML, like Gecko) Chrome/38.0.2125.111 Safari/537.36"  "-" JSESSIONID=51E3211E69A3389464B7EA0918D20968.node 
221.200.201.30 - - [20/Nov/2014:14:21:01 +0800] "GET /app-merchant-proxy/images/newszx/pic01.jpg HTTP/1.1" 200 26354 0.017 "http://www.yeepay.com/app-merchant-proxy/InputChargeCardMessageAction.action" "Mozilla/4.0 (compatible; MSIE 8.0; Windows NT 5.1; Trident/4.0; .NET CLR 2.0.50727)"  "-" JSESSIONID=3F721D94D9606FEC671EBA2E5DFA8C61.node1 
221.200.201.30 - - [20/Nov/2014:14:21:01 +0800] "GET /app-merchant-proxy/images/newszx/eo02.png HTTP/1.1" 200 426 0.007 "http://www.yeepay.com/app-merchant-proxy/InputChargeCardMessageAction.action" "Mozilla/4.0 (compatible; MSIE 8.0; Windows NT 5.1; Trident/4.0; .NET CLR 2.0.50727)"  "-" JSESSIONID=3F721D94D9606FEC671EBA2E5DFA8C61.node1 
111.85.243.100 - - [20/Nov/2014:14:21:01 +0800] "GET /app-merchant-proxy/PIE.htc HTTP/1.1" 302 182 0.005 "-" "Mozilla/4.0 (compatible; MSIE 8.0; Windows NT 5.1; Trident/4.0)"  "-" JSESSIONID=BCD0E74A6692473C7A796CF549326688.node1 
36.48.106.205 - - [20/Nov/2014:14:21:01 +0800] "GET /app-merchant-proxy/images/verisign.jpg HTTP/1.1" 200 4571 0.005 "https://www.yeepay.com/app-merchant-proxy/createOrder.action" "Mozilla/4.0 (compatible; MSIE 8.0; Windows NT 5.1; Trident/4.0)"  "-" JSESSIONID=F52FE5ABFD34DC19EEFDAEFBFCAD7413.node1 
111.85.243.100 - - [20/Nov/2014:14:21:01 +0800] "GET /app-merchant-proxy/jsp/online/images/tag_bg.gif HTTP/1.1" 200 1754 0.005 "https://www.yeepay.com/app-merchant-proxy/node?p0_Cmd=Buy&p1_MerId=10012374962&p2_Order=20141120142107256856&p3_Amt=200&p4_Cur=CNY&p5_Pid=&p6_Pcat=B1&p7_Pdesc=&p8_Url=yee.taotaogui.com%2fyeePay%2fCallBack.aspx&p9_SAF=0&pa_MP=1&pd_FrpId=&pr_NeedResponse=1&hmac=36a1f9401d4a530330311869ad2e6c5d" "Mozilla/4.0 (compatible; MSIE 8.0; Windows NT 5.1; Trident/4.0)"  "-" JSESSIONID=BCD0E74A6692473C7A796CF549326688.node1 
221.200.201.30 - - [20/Nov/2014:14:21:01 +0800] "GET /app-merchant-proxy/images/newszx/eo08.png HTTP/1.1" 200 1920 0.008 "http://www.yeepay.com/app-merchant-proxy/InputChargeCardMessageAction.action" "Mozilla/4.0 (compatible; MSIE 8.0; Windows NT 5.1; Trident/4.0; .NET CLR 2.0.50727)"  "-" JSESSIONID=3F721D94D9606FEC671EBA2E5DFA8C61.node1 
59.188.93.35 - - [20/Nov/2014:14:21:01 +0800] "GET /app-merchant-proxy/command?p0_Cmd=QueryOrdDetail&p1_MerId=10012096582&p2_Order=YeePay_101574_20141116224315&hmac=6ad1c071254816c55be364720fc1e65e HTTP/1.1" 301 637 0.000 "-" "-"  "-" JSESSIONID=- 
36.224.207.67 - - [20/Nov/2014:14:21:01 +0800] "GET /selfservice/jsp/groupaccount/js/jquery/plugins/datePicker/jquery.datePicker.min-2.1.2.js HTTP/1.1" 304 245 0.009 "http://www.yeepay.com/selfservice/batchTransferImportSlct_inday.action" "Mozilla/5.0 (compatible; MSIE 9.0; Windows NT 6.1; WOW64; Trident/5.0; BOIE9;ZHTW)"  "-" JSESSIONID=684D2ADB1875032E9FF4A11D5BA9D720.node 
221.200.201.30 - - [20/Nov/2014:14:21:01 +0800] "GET /app-merchant-proxy/images/newszx/eo07.png HTTP/1.1" 200 494 0.006 "http://www.yeepay.com/app-merchant-proxy/InputChargeCardMessageAction.action" "Mozilla/4.0 (compatible; MSIE 8.0; Windows NT 5.1; Trident/4.0; .NET CLR 2.0.50727)"  "-" JSESSIONID=3F721D94D9606FEC671EBA2E5DFA8C61.node1 
111.85.243.100 - - [20/Nov/2014:14:21:01 +0800] "GET /app-merchant-proxy/jsp/online/images/icon_group.gif HTTP/1.1" 200 4687 0.008 "https://www.yeepay.com/app-merchant-proxy/node?p0_Cmd=Buy&p1_MerId=10012374962&p2_Order=20141120142107256856&p3_Amt=200&p4_Cur=CNY&p5_Pid=&p6_Pcat=B1&p7_Pdesc=&p8_Url=yee.taotaogui.com%2fyeePay%2fCallBack.aspx&p9_SAF=0&pa_MP=1&pd_FrpId=&pr_NeedResponse=1&hmac=36a1f9401d4a530330311869ad2e6c5d" "Mozilla/4.0 (compatible; MSIE 8.0; Windows NT 5.1; Trident/4.0)"  "-" JSESSIONID=BCD0E74A6692473C7A796CF549326688.node1 
36.48.106.205 - - [20/Nov/2014:14:21:01 +0800] "GET /app-merchant-proxy/images/netan.jpg HTTP/1.1" 200 2617 0.007 "https://www.yeepay.com/app-merchant-proxy/createOrder.action" "Mozilla/4.0 (compatible; MSIE 8.0; Windows NT 5.1; Trident/4.0)"  "-" JSESSIONID=F52FE5ABFD34DC19EEFDAEFBFCAD7413.node1 
221.200.201.30 - - [20/Nov/2014:14:21:01 +0800] "GET /app-merchant-proxy/images/newszx/pic02.jpg HTTP/1.1" 200 26218 0.020 "http://www.yeepay.com/app-merchant-proxy/InputChargeCardMessageAction.action" "Mozilla/4.0 (compatible; MSIE 8.0; Windows NT 5.1; Trident/4.0; .NET CLR 2.0.50727)"  "-" JSESSIONID=3F721D94D9606FEC671EBA2E5DFA8C61.node1 
111.85.243.100 - - [20/Nov/2014:14:21:01 +0800] "GET /app-merchant-proxy/jsp/online/images/logo_dask.png HTTP/1.1" 200 15087 0.013 "https://www.yeepay.com/app-merchant-proxy/node?p0_Cmd=Buy&p1_MerId=10012374962&p2_Order=20141120142107256856&p3_Amt=200&p4_Cur=CNY&p5_Pid=&p6_Pcat=B1&p7_Pdesc=&p8_Url=yee.taotaogui.com%2fyeePay%2fCallBack.aspx&p9_SAF=0&pa_MP=1&pd_FrpId=&pr_NeedResponse=1&hmac=36a1f9401d4a530330311869ad2e6c5d" "Mozilla/4.0 (compatible; MSIE 8.0; Windows NT 5.1; Trident/4.0)"  "-" JSESSIONID=BCD0E74A6692473C7A796CF549326688.node1 
60.14.222.93 - - [20/Nov/2014:14:21:01 +0800] "GET /weberror/web-error.html HTTP/1.1" 200 2978 0.010 "http://www.yeepay.com/app-merchant-proxy/InputChargeCardMessageAction.action" "Mozilla/4.0 (compatible; MSIE 7.0; Windows NT 5.1; Trident/4.0)"  "-" JSESSIONID=67F7FCB3A28CB5A5FC7EE6C4BCDDC865.node1 
221.200.201.30 - - [20/Nov/2014:14:21:01 +0800] "GET /app-merchant-proxy/PaymentVerifyCode.action HTTP/1.1" 200 1683 0.009 "http://www.yeepay.com/app-merchant-proxy/InputChargeCardMessageAction.action" "Mozilla/4.0 (compatible; MSIE 8.0; Windows NT 5.1; Trident/4.0; .NET CLR 2.0.50727)"  "-" JSESSIONID=3F721D94D9606FEC671EBA2E5DFA8C61.node1 
221.200.201.30 - - [20/Nov/2014:14:21:01 +0800] "GET /app-merchant-proxy/images/newszx/eo27.png HTTP/1.1" 302 182 0.007 "http://www.yeepay.com/app-merchant-proxy/InputChargeCardMessageAction.action" "Mozilla/4.0 (compatible; MSIE 8.0; Windows NT 5.1; Trident/4.0; .NET CLR 2.0.50727)"  "-" JSESSIONID=3F721D94D9606FEC671EBA2E5DFA8C61.node1 
222.216.204.19 - - [20/Nov/2014:14:21:01 +0800] "GET /u/images/back.png HTTP/1.1" 200 1299 0.016 "http://www.yeepay.com/u/shortUrlProcesser.action?shortUrlSuffix=Z36vq2" "Mozilla/5.0 (Linux; U; Android 4.1.2; zh-cn; GT-I8552 Build/JZO54K) AppleWebKit/534.30 (KHTML, like Gecko) Version/4.0 Mobile Safari/534.30; 360browser(securitypay,securityinstalled); 360(android,uppayplugin); 360 Aphone Browser (5.1.5)"  "-" JSESSIONID=83543F817A3968C96D74E2A239533DEE.node 
221.200.201.30 - - [20/Nov/2014:14:21:01 +0800] "GET /app-merchant-proxy/images/newszx/eo15.gif HTTP/1.1" 200 1450 0.012 "http://www.yeepay.com/app-merchant-proxy/InputChargeCardMessageAction.action" "Mozilla/4.0 (compatible; MSIE 8.0; Windows NT 5.1; Trident/4.0; .NET CLR 2.0.50727)"  "-" JSESSIONID=3F721D94D9606FEC671EBA2E5DFA8C61.node1 
221.200.201.30 - - [20/Nov/2014:14:21:01 +0800] "GET /app-merchant-proxy/images/newszx/eo09.png HTTP/1.1" 200 500 0.019 "http://www.yeepay.com/app-merchant-proxy/InputChargeCardMessageAction.action" "Mozilla/4.0 (compatible; MSIE 8.0; Windows NT 5.1; Trident/4.0; .NET CLR 2.0.50727)"  "-" JSESSIONID=3F721D94D9606FEC671EBA2E5DFA8C61.node1 
221.200.201.30 - - [20/Nov/2014:14:21:01 +0800] "GET /app-merchant-proxy/images/newszx/eo12.png HTTP/1.1" 200 651 0.013 "http://www.yeepay.com/app-merchant-proxy/InputChargeCardMessageAction.action" "Mozilla/4.0 (compatible; MSIE 8.0; Windows NT 5.1; Trident/4.0; .NET CLR 2.0.50727)"  "-" JSESSIONID=3F721D94D9606FEC671EBA2E5DFA8C61.node1 
221.200.201.30 - - [20/Nov/2014:14:21:01 +0800] "GET /app-merchant-proxy/images/newszx/eo13.png HTTP/1.1" 200 650 0.012 "http://www.yeepay.com/app-merchant-proxy/InputChargeCardMessageAction.action" "Mozilla/4.0 (compatible; MSIE 8.0; Windows NT 5.1; Trident/4.0; .NET CLR 2.0.50727)"  "-" JSESSIONID=3F721D94D9606FEC671EBA2E5DFA8C61.node1 
222.216.204.19 - - [20/Nov/2014:14:21:01 +0800] "GET /u/images/head_back.png HTTP/1.1" 200 1286 0.011 "http://www.yeepay.com/u/shortUrlProcesser.action?shortUrlSuffix=Z36vq2" "Mozilla/5.0 (Linux; U; Android 4.1.2; zh-cn; GT-I8552 Build/JZO54K) AppleWebKit/534.30 (KHTML, like Gecko) Version/4.0 Mobile Safari/534.30; 360browser(securitypay,securityinstalled); 360(android,uppayplugin); 360 Aphone Browser (5.1.5)"  "-" JSESSIONID=83543F817A3968C96D74E2A239533DEE.node 
111.85.243.100 - - [20/Nov/2014:14:21:01 +0800] "GET /weberror/web-error.html HTTP/1.1" 200 3094 0.009 "-" "Mozilla/4.0 (compatible; MSIE 8.0; Windows NT 5.1; Trident/4.0)"  "-" JSESSIONID=BCD0E74A6692473C7A796CF549326688.node1 
221.200.201.30 - - [20/Nov/2014:14:21:01 +0800] "GET /weberror/web-error.html HTTP/1.1" 200 3094 0.009 "http://www.yeepay.com/app-merchant-proxy/InputChargeCardMessageAction.action" "Mozilla/4.0 (compatible; MSIE 8.0; Windows NT 5.1; Trident/4.0; .NET CLR 2.0.50727)"  "-" JSESSIONID=3F721D94D9606FEC671EBA2E5DFA8C61.node1 
60.223.238.12 - - [20/Nov/2014:14:21:01 +0800] "GET /paymobile/js/jquery-1.7.1.min.js HTTP/1.1" 200 94131 3.770 "https://ok.yeepay.com/paymobile/wap/redirect/firstpay;jsessionid=3BBA194C089AF37E332787EB25E881BD-n1?token=dcd1d0bd-1a30-4c16-b888-45b24de4bc7e" "Mozilla/5.0 (Linux; U; Android 4.2.2; zh-cn; GT-N7000 Build/JDQ39E) AppleWebKit/534.30 (KHTML, like Gecko) Version/4.0 Mobile Safari/534.30 CyanogenMod/10.1/n7000"  "-" JSESSIONID=3BBA194C089AF37E332787EB25E881BD-n1 
110.230.195.183 - - [20/Nov/2014:14:21:01 +0800] "GET /mobile-app-server/download/YeepayService_2.1.2.apk HTTP/1.1" 200 187047 2.125 "-" "Dalvik/1.4.0 (Linux; U; Android 2.3.6; U701 Build/GRK39F)"  "-" JSESSIONID=- 
220.202.100.11 - - [20/Nov/2014:14:21:01 +0800] "POST /app-merchant-proxy/node HTTP/1.1" 200 4180 0.179 "http://pay3.jlhhkj.com:8123/yeepay/req.asp" "Mozilla/4.0 (compatible; MSIE 8.0; Windows NT 5.1; Trident/4.0)"  "-" JSESSIONID=- 
158.255.208.143 - - [20/Nov/2014:14:21:01 +0800] "GET /selfservice/jsp/groupaccount/js/jquery/plugins/datePicker/jquery.datePicker.min-2.1.2.js HTTP/1.1" 304 245 0.002 "http://www.yeepay.com/selfservice/queryCOMMONTrxOrder_merchant.action" "Mozilla/5.0 (Windows NT 6.1; WOW64) AppleWebKit/537.36 (KHTML, like Gecko) Chrome/38.0.2125.111 Safari/537.36"  "-" JSESSIONID=DCFD568E5BA898154424F3426A6A1CD4.node 
60.14.222.93 - - [20/Nov/2014:14:21:01 +0800] "GET /app-merchant-proxy/images/newszx/eo27_.png HTTP/1.1" 302 182 0.002 "http://www.yeepay.com/app-merchant-proxy/InputChargeCardMessageAction.action" "Mozilla/4.0 (compatible; MSIE 7.0; Windows NT 5.1; Trident/4.0)"  "-" JSESSIONID=67F7FCB3A28CB5A5FC7EE6C4BCDDC865.node1 
58.22.70.12 - - [20/Nov/2014:14:21:01 +0800] "POST /agent_portal/agentLogin.action HTTP/1.1" 302 464 0.103 "http://posagent.yeepay.com/agent_portal/agentLogout.action" "Mozilla/4.0 (compatible; MSIE 8.0; Windows NT 5.1; Trident/4.0)"  "-" JSESSIONID=51169F283AE34160D36973203CB7131D 
36.48.106.205 - - [20/Nov/2014:14:21:01 +0800] "GET /images/img-loading-1.gif HTTP/1.1" 200 3331 0.006 "https://www.yeepay.com/app-merchant-proxy/createOrder.action" "Mozilla/4.0 (compatible; MSIE 8.0; Windows NT 5.1; Trident/4.0)"  "-" JSESSIONID=F52FE5ABFD34DC19EEFDAEFBFCAD7413.node1 
36.48.106.205 - - [20/Nov/2014:14:21:01 +0800] "GET /app-merchant-proxy/images/biaoshi.gif HTTP/1.1" 200 944 0.006 "https://www.yeepay.com/app-merchant-proxy/createOrder.action" "Mozilla/4.0 (compatible; MSIE 8.0; Windows NT 5.1; Trident/4.0)"  "-" JSESSIONID=F52FE5ABFD34DC19EEFDAEFBFCAD7413.node1 
36.48.106.205 - - [20/Nov/2014:14:21:01 +0800] "GET /images/img-loading.gif HTTP/1.1" 200 2606 0.008 "https://www.yeepay.com/app-merchant-proxy/createOrder.action" "Mozilla/4.0 (compatible; MSIE 8.0; Windows NT 5.1; Trident/4.0)"  "-" JSESSIONID=F52FE5ABFD34DC19EEFDAEFBFCAD7413.node1 
36.48.106.205 - - [20/Nov/2014:14:21:01 +0800] "GET /html/images/dian_talk.gif HTTP/1.1" 200 887 0.005 "https://www.yeepay.com/app-merchant-proxy/createOrder.action" "Mozilla/4.0 (compatible; MSIE 8.0; Windows NT 5.1; Trident/4.0)"  "-" JSESSIONID=F52FE5ABFD34DC19EEFDAEFBFCAD7413.node1 
36.48.106.205 - - [20/Nov/2014:14:21:01 +0800] "GET /app-merchant-proxy/images/yp-down-bg.gif HTTP/1.1" 200 471 0.002 "https://www.yeepay.com/app-merchant-proxy/createOrder.action" "Mozilla/4.0 (compatible; MSIE 8.0; Windows NT 5.1; Trident/4.0)"  "-" JSESSIONID=F52FE5ABFD34DC19EEFDAEFBFCAD7413.node1 
114.113.198.254 - - [20/Nov/2014:14:21:01 +0800] "POST /agent/topupByInterface.action HTTP/1.1" 200 519 0.060 "-" "Java/1.7.0_55"  "-" JSESSIONID=- 
60.14.222.93 - - [20/Nov/2014:14:21:01 +0800] "GET /weberror/web-error.html HTTP/1.1" 200 3100 0.009 "http://www.yeepay.com/app-merchant-proxy/InputChargeCardMessageAction.action" "Mozilla/4.0 (compatible; MSIE 7.0; Windows NT 5.1; Trident/4.0)"  "-" JSESSIONID=67F7FCB3A28CB5A5FC7EE6C4BCDDC865.node1 
120.85.184.89 - - [20/Nov/2014:14:21:01 +0800] "GET /app-merchant-proxy/trxConfirm.action?paymentId=1614864743&date=20141120142054&sign=8989035f30fedd8de446c51c85256eaa&serialNumber=5CADC2876CCB51C7&signData=5cKnQ4GYfHiFyX5JiuF91m08eLPm7b9pwMXsfYrcWVaYEk5KqUxLkpKBheuGqpc3%0D%0Avpif13vQkLLJKibqqilwb0CatAU7UdS1nk12kHLglpFGYRfiQSH2tWHHChAABReP%0D%0ASfE7LsW8lmbeMSpRfzCm1r7M1eWyrvK4uaTqiWK9%2B30%3D%0D%0A HTTP/1.1" 200 4396 1.247 "https://www.yeepay.com/app-merchant-proxy/localLogin.action" "Mozilla/5.0 (Windows NT 6.1; WOW64) AppleWebKit/537.36 (KHTML, like Gecko) Chrome/37.0.2062.102 Safari/537.36"  "-" JSESSIONID=336699A44D5A47F8C88AEDC5FEBE4C9F.node1 
58.42.231.121 - - [20/Nov/2014:14:21:01 +0800] "GET /app-airsupport/ticketNumberCatch.action?customerNumber=1160001723&requestId=NT14111200021230&numberstart=479-2365361144&numberend=479-2365361144 HTTP/1.1" 200 225 0.005 "-" "Mozilla/4.0 (compatible; MSIE 6.0; Windows NT 5.1; SV1; .NET CLR 2.0.50727; .NET CLR 3.0.04506.648; .NET CLR 3.5.21022; .NET CLR 3.0.4506.2152; .NET CLR 3.5.30729)"  "-" JSESSIONID=- 
59.188.93.35 - - [20/Nov/2014:14:21:01 +0800] "GET /app-merchant-proxy/command?p0_Cmd=QueryOrdDetail&p1_MerId=10012096582&p2_Order=YeePay_101582_20141117080625&hmac=99d9354bb3b12ee42c12135a4e7b2575 HTTP/1.1" 301 637 0.000 "-" "-"  "-" JSESSIONID=- 
111.85.243.100 - - [20/Nov/2014:14:21:01 +0800] "GET /app-merchant-proxy/jsp/online/images/point_card_logo.gif HTTP/1.1" 200 34885 0.006 "https://www.yeepay.com/app-merchant-proxy/node?p0_Cmd=Buy&p1_MerId=10012374962&p2_Order=20141120142107256856&p3_Amt=200&p4_Cur=CNY&p5_Pid=&p6_Pcat=B1&p7_Pdesc=&p8_Url=yee.taotaogui.com%2fyeePay%2fCallBack.aspx&p9_SAF=0&pa_MP=1&pd_FrpId=&pr_NeedResponse=1&hmac=36a1f9401d4a530330311869ad2e6c5d" "Mozilla/4.0 (compatible; MSIE 8.0; Windows NT 5.1; Trident/4.0)"  "-" JSESSIONID=BCD0E74A6692473C7A796CF549326688.node1 
221.200.201.30 - - [20/Nov/2014:14:21:01 +0800] "GET /app-merchant-proxy/favicon.ico HTTP/1.1" 302 182 0.007 "-" "Mozilla/4.0 (compatible; MSIE 8.0; Windows NT 5.1; Trident/4.0; .NET CLR 2.0.50727)"  "-" JSESSIONID=3F721D94D9606FEC671EBA2E5DFA8C61.node1 
